Initial:
|          GO          | [Player 1, Player 2, Player 3] |
| Mediterranean Avenue |               []               |
|   Community Chest    |               []               |
|    Baltic Avenue     |               []               |
|      Income Tax      |               []               |
|   Reading Railroad   |               []               |
|   Oriental Avenue    |               []               |
|        Chance        |               []               |
|    Vermont Avenue    |               []               |
|  Connecticut Avenue  |               []               |
|         Jail         |               []               |
|  St. Charles Place   |               []               |
Player 1 ($1500) 
Player 2 ($1500) 
Player 3 ($1500) 
current player: 1

Frame #1:
|          GO          | [Player 2, Player 3] |
| Mediterranean Avenue |          []          |
|   Community Chest    |          []          |
|    Baltic Avenue     |          []          |
|      Income Tax      |          []          |
|   Reading Railroad   |          []          |
|   Oriental Avenue    |          []          |
|        Chance        |          []          |
|    Vermont Avenue    |          []          |
|  Connecticut Avenue  |          []          |
|         Jail         |      [Player 1]      |
|  St. Charles Place   |          []          |
Player 1 ($1500) 
Player 2 ($1500) 
Player 3 ($1500) 
current player: 2

Frame #2:
|          GO          | [Player 3] |
| Mediterranean Avenue |     []     |
|   Community Chest    |     []     |
|    Baltic Avenue     |     []     |
|      Income Tax      | [Player 2] |
|   Reading Railroad   |     []     |
|   Oriental Avenue    |     []     |
|        Chance        |     []     |
|    Vermont Avenue    |     []     |
|  Connecticut Avenue  |     []     |
|         Jail         | [Player 1] |
|  St. Charles Place   |     []     |
Player 1 ($1500) 
Player 2 ($1300) 
Player 3 ($1500) 
current player: 3

Frame #3:
|          GO          |     []     |
| Mediterranean Avenue |     []     |
|   Community Chest    |     []     |
|    Baltic Avenue     |     []     |
|      Income Tax      | [Player 2] |
|   Reading Railroad   |     []     |
|   Oriental Avenue    |     []     |
|        Chance        | [Player 3] |
|    Vermont Avenue    |     []     |
|  Connecticut Avenue  |     []     |
|         Jail         | [Player 1] |
|  St. Charles Place   |     []     |
Player 1 ($1500) 
Player 2 ($1300) 
Player 3 ($1550) 
current player: 1