Initial:
|          GO           | [Player 1, Player 2, Player 3, Player 4, Player 5, Player 6, Player 7] |
| Mediterranean Avenue  |                                   []                                   |
|    Community Chest    |                                   []                                   |
|     Baltic Avenue     |                                   []                                   |
|      Income Tax       |                                   []                                   |
|   Reading Railroad    |                                   []                                   |
|    Oriental Avenue    |                                   []                                   |
|        Chance         |                                   []                                   |
|    Vermont Avenue     |                                   []                                   |
|  Connecticut Avenue   |                                   []                                   |
|         Jail          |                                   []                                   |
|   St. Charles Place   |                                   []                                   |
|   Electric Company    |                                   []                                   |
|     States Avenue     |                                   []                                   |
|    Virginia Avenue    |                                   []                                   |
| Pennsylvania Railroad |                                   []                                   |
|    St. James Place    |                                   []                                   |
|    Community Chest    |                                   []                                   |
|   Tennessee Avenue    |                                   []                                   |
|    New York Avenue    |                                   []                                   |
|     Free Parking      |                                   []                                   |
|    Kentucky Avenue    |                                   []                                   |
|        Chance         |                                   []                                   |
|    Indiana Avenue     |                                   []                                   |
|    Illinois Avenue    |                                   []                                   |
|   B. & O. Railroad    |                                   []                                   |
|    Atlantic Avenue    |                                   []                                   |
|    Ventnor Avenue     |                                   []                                   |
|      Water Works      |                                   []                                   |
|    Marvin Gardens     |                                   []                                   |
|      Go To Jail       |                                   []                                   |
|    Pacific Avenue     |                                   []                                   |
| North Carolina Avenue |                                   []                                   |
|    Community Chest    |                                   []                                   |
|  Pennsylvania Avenue  |                                   []                                   |
|  Short Line Railroad  |                                   []                                   |
|        Chance         |                                   []                                   |
|      Park Place       |                                   []                                   |
|      Luxury Tax       |                                   []                                   |
|       Boardwalk       |                                   []                                   |
Player 1 ($1500)  
Player 2 ($1500)  
Player 3 ($1500)  
Player 4 ($1500)  
Player 5 ($1500)  
Player 6 ($1500)  
Player 7 ($1500)  
current player: 1

Frame #1:
|          GO           | [Player 2, Player 3, Player 4, Player 5, Player 6, Player 7] |
| Mediterranean Avenue  |                              []                              |
|    Community Chest    |                              []                              |
|     Baltic Avenue     |                              []                              |
|      Income Tax       |                              []                              |
|   Reading Railroad    |                              []                              |
|    Oriental Avenue    |                              []                              |
|        Chance         |                          [Player 1]                          |
|    Vermont Avenue     |                              []                              |
|  Connecticut Avenue   |                              []                              |
|         Jail          |                              []                              |
|   St. Charles Place   |                              []                              |
|   Electric Company    |                              []                              |
|     States Avenue     |                              []                              |
|    Virginia Avenue    |                              []                              |
| Pennsylvania Railroad |                              []                              |
|    St. James Place    |                              []                              |
|    Community Chest    |                              []                              |
|   Tennessee Avenue    |                              []                              |
|    New York Avenue    |                              []                              |
|     Free Parking      |                              []                              |
|    Kentucky Avenue    |                              []                              |
|        Chance         |                              []                              |
|    Indiana Avenue     |                              []                              |
|    Illinois Avenue    |                              []                              |
|   B. & O. Railroad    |                              []                              |
|    Atlantic Avenue    |                              []                              |
|    Ventnor Avenue     |                              []                              |
|      Water Works      |                              []                              |
|    Marvin Gardens     |                              []                              |
|      Go To Jail       |                              []                              |
|    Pacific Avenue     |                              []                              |
| North Carolina Avenue |                              []                              |
|    Community Chest    |                              []                              |
|  Pennsylvania Avenue  |                              []                              |
|  Short Line Railroad  |                              []                              |
|        Chance         |                              []                              |
|      Park Place       |                              []                              |
|      Luxury Tax       |                              []                              |
|       Boardwalk       |                              []                              |
Player 1 ($1550)  
Player 2 ($1500)  
Player 3 ($1500)  
Player 4 ($1500)  
Player 5 ($1500)  
Player 6 ($1500)  
Player 7 ($1500)  
current player: 2

Frame #2:
|          GO           | [Player 3, Player 4, Player 5, Player 6, Player 7] |
| Mediterranean Avenue  |                         []                         |
|    Community Chest    |                         []                         |
|     Baltic Avenue     |                         []                         |
|      Income Tax       |                         []                         |
|   Reading Railroad    |                         []                         |
|    Oriental Avenue    |                         []                         |
|        Chance         |                     [Player 1]                     |
|    Vermont Avenue     |                         []                         |
|  Connecticut Avenue   |                         []                         |
|         Jail          |                         []                         |
|   St. Charles Place   |                     [Player 2]                     |
|   Electric Company    |                         []                         |
|     States Avenue     |                         []                         |
|    Virginia Avenue    |                         []                         |
| Pennsylvania Railroad |                         []                         |
|    St. James Place    |                         []                         |
|    Community Chest    |                         []                         |
|   Tennessee Avenue    |                         []                         |
|    New York Avenue    |                         []                         |
|     Free Parking      |                         []                         |
|    Kentucky Avenue    |                         []                         |
|        Chance         |                         []                         |
|    Indiana Avenue     |                         []                         |
|    Illinois Avenue    |                         []                         |
|   B. & O. Railroad    |                         []                         |
|    Atlantic Avenue    |                         []                         |
|    Ventnor Avenue     |                         []                         |
|      Water Works      |                         []                         |
|    Marvin Gardens     |                         []                         |
|      Go To Jail       |                         []                         |
|    Pacific Avenue     |                         []                         |
| North Carolina Avenue |                         []                         |
|    Community Chest    |                         []                         |
|  Pennsylvania Avenue  |                         []                         |
|  Short Line Railroad  |                         []                         |
|        Chance         |                         []                         |
|      Park Place       |                         []                         |
|      Luxury Tax       |                         []                         |
|       Boardwalk       |                         []                         |
Player 1 ($1550)  
Player 2 ($1360) St. Charles Place 
Player 3 ($1500)  
Player 4 ($1500)  
Player 5 ($1500)  
Player 6 ($1500)  
Player 7 ($1500)  
current player: 3

Frame #3:
|          GO           | [Player 4, Player 5, Player 6, Player 7] |
| Mediterranean Avenue  |                    []                    |
|    Community Chest    |                    []                    |
|     Baltic Avenue     |                    []                    |
|      Income Tax       |                [Player 3]                |
|   Reading Railroad    |                    []                    |
|    Oriental Avenue    |                    []                    |
|        Chance         |                [Player 1]                |
|    Vermont Avenue     |                    []                    |
|  Connecticut Avenue   |                    []                    |
|         Jail          |                    []                    |
|   St. Charles Place   |                [Player 2]                |
|   Electric Company    |                    []                    |
|     States Avenue     |                    []                    |
|    Virginia Avenue    |                    []                    |
| Pennsylvania Railroad |                    []                    |
|    St. James Place    |                    []                    |
|    Community Chest    |                    []                    |
|   Tennessee Avenue    |                    []                    |
|    New York Avenue    |                    []                    |
|     Free Parking      |                    []                    |
|    Kentucky Avenue    |                    []                    |
|        Chance         |                    []                    |
|    Indiana Avenue     |                    []                    |
|    Illinois Avenue    |                    []                    |
|   B. & O. Railroad    |                    []                    |
|    Atlantic Avenue    |                    []                    |
|    Ventnor Avenue     |                    []                    |
|      Water Works      |                    []                    |
|    Marvin Gardens     |                    []                    |
|      Go To Jail       |                    []                    |
|    Pacific Avenue     |                    []                    |
| North Carolina Avenue |                    []                    |
|    Community Chest    |                    []                    |
|  Pennsylvania Avenue  |                    []                    |
|  Short Line Railroad  |                    []                    |
|        Chance         |                    []                    |
|      Park Place       |                    []                    |
|      Luxury Tax       |                    []                    |
|       Boardwalk       |                    []                    |
Player 1 ($1550)  
Player 2 ($1360) St. Charles Place 
Player 3 ($1300)  
Player 4 ($1500)  
Player 5 ($1500)  
Player 6 ($1500)  
Player 7 ($1500)  
current player: 4

Frame #4:
|          GO           | [Player 5, Player 6, Player 7] |
| Mediterranean Avenue  |               []               |
|    Community Chest    |               []               |
|     Baltic Avenue     |               []               |
|      Income Tax       |           [Player 3]           |
|   Reading Railroad    |               []               |
|    Oriental Avenue    |               []               |
|        Chance         |      [Player 1, Player 4]      |
|    Vermont Avenue     |               []               |
|  Connecticut Avenue   |               []               |
|         Jail          |               []               |
|   St. Charles Place   |           [Player 2]           |
|   Electric Company    |               []               |
|     States Avenue     |               []               |
|    Virginia Avenue    |               []               |
| Pennsylvania Railroad |               []               |
|    St. James Place    |               []               |
|    Community Chest    |               []               |
|   Tennessee Avenue    |               []               |
|    New York Avenue    |               []               |
|     Free Parking      |               []               |
|    Kentucky Avenue    |               []               |
|        Chance         |               []               |
|    Indiana Avenue     |               []               |
|    Illinois Avenue    |               []               |
|   B. & O. Railroad    |               []               |
|    Atlantic Avenue    |               []               |
|    Ventnor Avenue     |               []               |
|      Water Works      |               []               |
|    Marvin Gardens     |               []               |
|      Go To Jail       |               []               |
|    Pacific Avenue     |               []               |
| North Carolina Avenue |               []               |
|    Community Chest    |               []               |
|  Pennsylvania Avenue  |               []               |
|  Short Line Railroad  |               []               |
|        Chance         |               []               |
|      Park Place       |               []               |
|      Luxury Tax       |               []               |
|       Boardwalk       |               []               |
Player 1 ($1550)  
Player 2 ($1360) St. Charles Place 
Player 3 ($1300)  
Player 4 ($1485)  
Player 5 ($1500)  
Player 6 ($1500)  
Player 7 ($1500)  
current player: 5

Frame #5:
|          GO           |      [Player 6, Player 7]      |
| Mediterranean Avenue  |               []               |
|    Community Chest    |               []               |
|     Baltic Avenue     |               []               |
|      Income Tax       |           [Player 3]           |
|   Reading Railroad    |               []               |
|    Oriental Avenue    |               []               |
|        Chance         | [Player 1, Player 4, Player 5] |
|    Vermont Avenue     |               []               |
|  Connecticut Avenue   |               []               |
|         Jail          |               []               |
|   St. Charles Place   |           [Player 2]           |
|   Electric Company    |               []               |
|     States Avenue     |               []               |
|    Virginia Avenue    |               []               |
| Pennsylvania Railroad |               []               |
|    St. James Place    |               []               |
|    Community Chest    |               []               |
|   Tennessee Avenue    |               []               |
|    New York Avenue    |               []               |
|     Free Parking      |               []               |
|    Kentucky Avenue    |               []               |
|        Chance         |               []               |
|    Indiana Avenue     |               []               |
|    Illinois Avenue    |               []               |
|   B. & O. Railroad    |               []               |
|    Atlantic Avenue    |               []               |
|    Ventnor Avenue     |               []               |
|      Water Works      |               []               |
|    Marvin Gardens     |               []               |
|      Go To Jail       |               []               |
|    Pacific Avenue     |               []               |
| North Carolina Avenue |               []               |
|    Community Chest    |               []               |
|  Pennsylvania Avenue  |               []               |
|  Short Line Railroad  |               []               |
|        Chance         |               []               |
|      Park Place       |               []               |
|      Luxury Tax       |               []               |
|       Boardwalk       |               []               |
Player 1 ($1600)  
Player 2 ($1410) St. Charles Place 
Player 3 ($1350)  
Player 4 ($1535)  
Player 5 ($1200)  
Player 6 ($1550)  
Player 7 ($1550)  
current player: 6

Frame #6:
|          GO           |                [Player 7]                |
| Mediterranean Avenue  |                    []                    |
|    Community Chest    |                    []                    |
|     Baltic Avenue     |                    []                    |
|      Income Tax       |                [Player 3]                |
|   Reading Railroad    |                    []                    |
|    Oriental Avenue    |                    []                    |
|        Chance         | [Player 1, Player 4, Player 5, Player 6] |
|    Vermont Avenue     |                    []                    |
|  Connecticut Avenue   |                    []                    |
|         Jail          |                    []                    |
|   St. Charles Place   |                [Player 2]                |
|   Electric Company    |                    []                    |
|     States Avenue     |                    []                    |
|    Virginia Avenue    |                    []                    |
| Pennsylvania Railroad |                    []                    |
|    St. James Place    |                    []                    |
|    Community Chest    |                    []                    |
|   Tennessee Avenue    |                    []                    |
|    New York Avenue    |                    []                    |
|     Free Parking      |                    []                    |
|    Kentucky Avenue    |                    []                    |
|        Chance         |                    []                    |
|    Indiana Avenue     |                    []                    |
|    Illinois Avenue    |                    []                    |
|   B. & O. Railroad    |                    []                    |
|    Atlantic Avenue    |                    []                    |
|    Ventnor Avenue     |                    []                    |
|      Water Works      |                    []                    |
|    Marvin Gardens     |                    []                    |
|      Go To Jail       |                    []                    |
|    Pacific Avenue     |                    []                    |
| North Carolina Avenue |                    []                    |
|    Community Chest    |                    []                    |
|  Pennsylvania Avenue  |                    []                    |
|  Short Line Railroad  |                    []                    |
|        Chance         |                    []                    |
|      Park Place       |                    []                    |
|      Luxury Tax       |                    []                    |
|       Boardwalk       |                    []                    |
Player 1 ($1600)  
Player 2 ($1410) St. Charles Place 
Player 3 ($1350)  
Player 4 ($1535)  
Player 5 ($1200)  
Player 6 ($1550)  GetOutOfJailFree
Player 7 ($1550)  
current player: 7

Frame #7:
|          GO           |                    []                    |
| Mediterranean Avenue  |                    []                    |
|    Community Chest    |                    []                    |
|     Baltic Avenue     |                    []                    |
|      Income Tax       |                [Player 3]                |
|   Reading Railroad    |                    []                    |
|    Oriental Avenue    |                    []                    |
|        Chance         | [Player 1, Player 4, Player 5, Player 6] |
|    Vermont Avenue     |                    []                    |
|  Connecticut Avenue   |                    []                    |
|         Jail          |                    []                    |
|   St. Charles Place   |                [Player 2]                |
|   Electric Company    |                    []                    |
|     States Avenue     |                    []                    |
|    Virginia Avenue    |                    []                    |
| Pennsylvania Railroad |                [Player 7]                |
|    St. James Place    |                    []                    |
|    Community Chest    |                    []                    |
|   Tennessee Avenue    |                    []                    |
|    New York Avenue    |                    []                    |
|     Free Parking      |                    []                    |
|    Kentucky Avenue    |                    []                    |
|        Chance         |                    []                    |
|    Indiana Avenue     |                    []                    |
|    Illinois Avenue    |                    []                    |
|   B. & O. Railroad    |                    []                    |
|    Atlantic Avenue    |                    []                    |
|    Ventnor Avenue     |                    []                    |
|      Water Works      |                    []                    |
|    Marvin Gardens     |                    []                    |
|      Go To Jail       |                    []                    |
|    Pacific Avenue     |                    []                    |
| North Carolina Avenue |                    []                    |
|    Community Chest    |                    []                    |
|  Pennsylvania Avenue  |                    []                    |
|  Short Line Railroad  |                    []                    |
|        Chance         |                    []                    |
|      Park Place       |                    []                    |
|      Luxury Tax       |                    []                    |
|       Boardwalk       |                    []                    |
Player 1 ($1600)  
Player 2 ($1410) St. Charles Place 
Player 3 ($1350)  
Player 4 ($1535)  
Player 5 ($1200)  
Player 6 ($1550)  GetOutOfJailFree
Player 7 ($1550)  
current player: 1